{
  "root": {
    "name": "ProjectOperator",
    "description": {
      "fields": "[age2]"
    },
    "children": [
      {
        "name": "DedupeOperator",
        "description": {
          "dedupeList": "[age2]",
          "allowedDuplication": 1,
          "keepEmpty": false,
          "consecutive": false
        },
        "children": [
          {
            "name": "EvalOperator",
            "description": {
              "expressions": {
                "age2": "+(avg_age, 2)"
              }
            },
            "children": [
              {
                "name": "RemoveOperator",
                "description": {
                  "removeList": "[city]"
                },
                "children": [
                  {
                    "name": "SortOperator",
                    "description": {
                      "count": 1000,
                      "sortList": {
                        "state": {
                          "sortOrder": "ASC",
                          "nullOrder": "NULL_FIRST"
                        }
                      }
                    },
                    "children": [
                      {
                        "name": "RenameOperator",
                        "description": {
                          "mapping": {
                            "avg(age)": "avg_age"
                          }
                        },
                        "children": [
                          {
                            "name": "AggregationOperator",
                            "description": {
                              "aggregators": "[avg(age)]",
                              "groupBy": "[state, city]"
                            },
                            "children": [
                              {
                                "name": "ElasticsearchIndexScan",
                                "description": {
                                  "request": "ElasticsearchQueryRequest(indexName\u003delasticsearch-sql_test_index_account, sourceBuilder\u003d{\"from\":0,\"size\":200,\"timeout\":\"1m\",\"query\":{\"range\":{\"age\":{\"from\":30,\"to\":null,\"include_lower\":false,\"include_upper\":true,\"boost\":1.0}}},\"sort\":[{\"_doc\":{\"order\":\"asc\"}}]}, searchDone\u003dfalse)"
                                },
                                "children": []
                              }
                            ]
                          }
                        ]
                      }
                    ]
                  }
                ]
              }
            ]
          }
        ]
      }
    ]
  }
}
